how to commit new project in git
1)if no git hub is there :-->Create a new repository on GitHub. To avoid errors, do not initialize the new repository with README, license, or gitignore files. You can add these files after your project has been pushed to GitHub.
2)Open Git Bash.
3)Change the current working directory to your local project.
4)Initialize the local directory as a Git repository.
	$ git init
5)Add the files in your new local repository. This stages them for the first commit
	$ git add .
# Adds the files in the local repository and stages them for commit. To unstage a file, use 'git reset HEAD YOUR-FILE'.
6)Commit the files that you've staged in your local repository.
$ git commit -m "jbehvave learning calculator project1"
# Commits the tracked changes and prepares them to be pushed to a remote repository. To remove this commit and modify the 
7)At the top of your GitHub repository's Quick Setup page, click  to copy the remote repository URL.file, 
use 'git reset --soft HEAD~1' and commit and add the file again.
8)In the Command prompt, add the URL for the remote repository where your local repository will be pushed.
$ git remote add origin https://github.com/vasistath/jBehaveLearning.git
9)
https://help.github.com/articles/adding-an-existing-project-to-github-using-the-command-line/
cd directory to project
git init  will initalize the project to git repostory
$ git remote -v
origin  https://github.com/vasistath/jBehaveLearning.git (fetch)
origin  https://github.com/vasistath/jBehaveLearning.git (push)
9)Push the changes in your local repository to GitHub.
$ git push origin master
Username for 'https://github.com': vasistath
To https://github.com/vasistath/jBehaveLearning.git
 ! [rejected]        master -> master (fetch first)
error: failed to push some refs to 'https://github.com/vasistath/jBehaveLearning.git'
hint: Updates were rejected because the remote contains work that you do
hint: not have locally. This is usually caused by another repository pushing
hint: to the same ref. You may want to first integrate the remote changes
hint: (e.g., 'git pull ...') before pushing again.
hint: See the 'Note about fast-forwards' in 'git push --help' for details.

10)errorComes FirstMethod is 
git pull --rebase origin master
git push origin master
second method is 
git push -u origin master not worked for above error
Initialized empty Git repository in D:/Calculatorproj/.git/
thirdmethod
$ git push -f origin master  worked fine


git commands https://git-scm.com/docs/git-push
https://github.com/vasistath/jBehaveLearning

$ git clean -d -f -f remove untracked files
$ git status find the directories and subdirectories in the folder.


